// Jest Snapshot v1, https://goo.gl/fbAQLP

exports[`Should be rendered in the dom 1`] = `
<div
  className="makeStyles-screen-1"
>
  <div
    className="makeStyles-container-2"
  >
    <div
      className="makeStyles-alignItemContainer-3"
      onClick={[Function]}
      style={
        Object {
          "backgroundColor": "#F4F4F4",
        }
      }
    >
      <div
        className="makeStyles-alignItemSection-4"
      >
        <div
          className="makeStyles-alignIconSection-5"
        >
          <svg
            aria-hidden={true}
            className="MuiSvgIcon-root"
            focusable="false"
            style={
              Object {
                "color": "#9D9D9D",
                "fontSize": 30,
              }
            }
            viewBox="0 0 24 24"
          >
            <path
              d="M12 2C6.48 2 2 6.48 2 12s4.48 10 10 10 10-4.48 10-10S17.52 2 12 2zM4 12c0-4.42 3.58-8 8-8 1.85 0 3.55.63 4.9 1.69L5.69 16.9C4.63 15.55 4 13.85 4 12zm8 8c-1.85 0-3.55-.63-4.9-1.69L18.31 7.1C19.37 8.45 20 10.15 20 12c0 4.42-3.58 8-8 8z"
            />
          </svg>
        </div>
        <p
          className="makeStyles-alignItemLabel-6"
        >
          NONE
        </p>
      </div>
    </div>
    <div
      className="makeStyles-alignItemContainer-3"
      onClick={[Function]}
      style={
        Object {
          "backgroundColor": "white",
        }
      }
    >
      <div
        className="makeStyles-alignItemSection-4"
      >
        <div
          className="makeStyles-alignIconSection-5"
        >
          <svg
            aria-hidden={true}
            className="MuiSvgIcon-root"
            focusable="false"
            style={
              Object {
                "color": "#9D9D9D",
                "fontSize": 30,
              }
            }
            viewBox="0 0 24 24"
          >
            <path
              d="M13 7h-2v2h2V7zm0 4h-2v2h2v-2zm4 0h-2v2h2v-2zM3 3v18h18V3H3zm16 16H5V5h14v14zm-6-4h-2v2h2v-2zm-4-4H7v2h2v-2z"
            />
          </svg>
        </div>
        <p
          className="makeStyles-alignItemLabel-6"
        >
          SOLID
        </p>
      </div>
    </div>
    <div
      className="makeStyles-alignItemContainer-3"
      onClick={[Function]}
      style={
        Object {
          "backgroundColor": "white",
        }
      }
    >
      <div
        className="makeStyles-alignItemSection-4"
      >
        <div
          className="makeStyles-alignIconSection-5"
        >
          <svg
            aria-hidden={true}
            className="MuiSvgIcon-root"
            focusable="false"
            style={
              Object {
                "color": "#9D9D9D",
                "fontSize": 30,
              }
            }
            viewBox="0 0 24 24"
          >
            <path
              d="M7 5h2V3H7v2zm0 8h2v-2H7v2zm0 8h2v-2H7v2zm4-4h2v-2h-2v2zm0 4h2v-2h-2v2zm-8 0h2v-2H3v2zm0-4h2v-2H3v2zm0-4h2v-2H3v2zm0-4h2V7H3v2zm0-4h2V3H3v2zm8 8h2v-2h-2v2zm8 4h2v-2h-2v2zm0-4h2v-2h-2v2zm0 8h2v-2h-2v2zm0-12h2V7h-2v2zm-8 0h2V7h-2v2zm8-6v2h2V3h-2zm-8 2h2V3h-2v2zm4 16h2v-2h-2v2zm0-8h2v-2h-2v2zm0-8h2V3h-2v2z"
            />
          </svg>
        </div>
        <p
          className="makeStyles-alignItemLabel-6"
        >
          DASHED
        </p>
      </div>
    </div>
  </div>
</div>
`;
