// Jest Snapshot v1, https://goo.gl/fbAQLP

exports[`Should be rendered in the dom 1`] = `
<div
  className="makeStyles-screen-1"
>
  <div
    className="makeStyles-timelineContainer-2"
  >
    <div
      className="makeStyles-scheduleItemContainer-3"
    >
      <div
        className="makeStyles-barSection-4"
      >
        <div
          className="makeStyles-iconCircle-5"
          style={
            Object {
              "backgroundColor": "#49A6E9",
            }
          }
        >
          <svg
            aria-hidden={true}
            className="MuiSvgIcon-root"
            focusable="false"
            style={
              Object {
                "color": "white",
                "fontSize": 17,
              }
            }
            viewBox="0 0 24 24"
          >
            <path
              d="M9 16.17L4.83 12l-1.42 1.41L9 19 21 7l-1.41-1.41z"
            />
          </svg>
        </div>
        <div
          className="makeStyles-timelineBar-6"
          style={
            Object {
              "backgroundColor": "#49A6E9",
            }
          }
        />
      </div>
      <div
        className="makeStyles-descriptionSection-7"
      >
        <p
          className="makeStyles-dateText-8"
        >
          Jan 25, 2020
        </p>
        <div
          className="makeStyles-textPart-9"
        >
          <p
            className="makeStyles-title-10"
          >
            Completed profile data
          </p>
          <p
            className="makeStyles-content-11"
          >
            Lorem ipsum dolor sit amet, consectetur adipiscing elit, sed do eiusmod tempor incididunt ut labore et dolore magna aliqua.
          </p>
        </div>
      </div>
    </div>
    <div
      className="makeStyles-scheduleItemContainer-3"
    >
      <div
        className="makeStyles-barSection-4"
      >
        <div
          className="makeStyles-iconCircle-5"
          style={
            Object {
              "backgroundColor": "#49A6E9",
            }
          }
        >
          <svg
            aria-hidden={true}
            className="MuiSvgIcon-root"
            focusable="false"
            style={
              Object {
                "color": "white",
                "fontSize": 17,
              }
            }
            viewBox="0 0 24 24"
          >
            <path
              d="M21.99 8c0-.72-.37-1.35-.94-1.7L12 1 2.95 6.3C2.38 6.65 2 7.28 2 8v10c0 1.1.9 2 2 2h16c1.1 0 2-.9 2-2l-.01-10zM12 13L3.74 7.84 12 3l8.26 4.84L12 13z"
            />
          </svg>
        </div>
        <div
          className="makeStyles-timelineBar-6"
          style={
            Object {
              "backgroundColor": "#49A6E9",
            }
          }
        />
      </div>
      <div
        className="makeStyles-descriptionSection-7"
      >
        <p
          className="makeStyles-dateText-8"
        >
          Jan 25, 2020
        </p>
        <div
          className="makeStyles-textPart-9"
        >
          <p
            className="makeStyles-title-10"
          >
            Completed profile data
          </p>
          <p
            className="makeStyles-content-11"
          >
            Lorem ipsum dolor sit amet, consectetur adipiscing elit, sed do eiusmod tempor incididunt ut labore et dolore magna aliqua.
          </p>
        </div>
      </div>
    </div>
    <div
      className="makeStyles-scheduleItemContainer-3"
    >
      <div
        className="makeStyles-barSection-4"
      >
        <div
          className="makeStyles-iconCircle-5"
          style={
            Object {
              "backgroundColor": "#49A6E9",
            }
          }
        >
          <svg
            aria-hidden={true}
            className="MuiSvgIcon-root"
            focusable="false"
            style={
              Object {
                "color": "white",
                "fontSize": 17,
              }
            }
            viewBox="0 0 24 24"
          >
            <path
              d="M3 17.25V21h3.75L17.81 9.94l-3.75-3.75L3 17.25zM20.71 7.04c.39-.39.39-1.02 0-1.41l-2.34-2.34a.9959.9959 0 00-1.41 0l-1.83 1.83 3.75 3.75 1.83-1.83z"
            />
          </svg>
        </div>
        <div
          className="makeStyles-timelineBar-6"
          style={
            Object {
              "backgroundColor": "#49A6E9",
            }
          }
        />
      </div>
      <div
        className="makeStyles-descriptionSection-7"
      >
        <p
          className="makeStyles-dateText-8"
        >
          Jan 25, 2020
        </p>
        <div
          className="makeStyles-textPart-9"
        >
          <p
            className="makeStyles-title-10"
          >
            Completed profile data
          </p>
          <p
            className="makeStyles-content-11"
          >
            Lorem ipsum dolor sit amet, consectetur adipiscing elit, sed do eiusmod tempor incididunt ut labore et dolore magna aliqua.
          </p>
        </div>
      </div>
    </div>
    <div
      className="makeStyles-scheduleItemContainer-3"
    >
      <div
        className="makeStyles-barSection-4"
      >
        <div
          className="makeStyles-iconCircle-5"
          style={
            Object {
              "backgroundColor": "#49A6E9",
            }
          }
        >
          <svg
            aria-hidden={true}
            className="MuiSvgIcon-root"
            focusable="false"
            style={
              Object {
                "color": "white",
                "fontSize": 17,
              }
            }
            viewBox="0 0 24 24"
          >
            <path
              d="M19 19H5V5h7V3H5c-1.11 0-2 .9-2 2v14c0 1.1.89 2 2 2h14c1.1 0 2-.9 2-2v-7h-2v7zM14 3v2h3.59l-9.83 9.83 1.41 1.41L19 6.41V10h2V3h-7z"
            />
          </svg>
        </div>
        <div
          className="makeStyles-timelineBar-6"
          style={
            Object {
              "backgroundColor": "#49A6E9",
            }
          }
        />
      </div>
      <div
        className="makeStyles-descriptionSection-7"
      >
        <p
          className="makeStyles-dateText-8"
        >
          Jan 25, 2020
        </p>
        <div
          className="makeStyles-textPart-9"
        >
          <p
            className="makeStyles-title-10"
          >
            Completed profile data
          </p>
          <p
            className="makeStyles-content-11"
          >
            Lorem ipsum dolor sit amet, consectetur adipiscing elit, sed do eiusmod tempor incididunt ut labore et dolore magna aliqua.
          </p>
        </div>
      </div>
    </div>
    <div
      className="makeStyles-scheduleItemContainer-3"
    >
      <div
        className="makeStyles-barSection-4"
      >
        <div
          className="makeStyles-iconCircle-5"
          style={
            Object {
              "backgroundColor": "#49A6E9",
            }
          }
        >
          <svg
            aria-hidden={true}
            className="MuiSvgIcon-root"
            focusable="false"
            style={
              Object {
                "color": "white",
                "fontSize": 17,
              }
            }
            viewBox="0 0 24 24"
          >
            <path
              d="M18 8h-1V6c0-2.76-2.24-5-5-5S7 3.24 7 6v2H6c-1.1 0-2 .9-2 2v10c0 1.1.9 2 2 2h12c1.1 0 2-.9 2-2V10c0-1.1-.9-2-2-2zm-6 9c-1.1 0-2-.9-2-2s.9-2 2-2 2 .9 2 2-.9 2-2 2zm3.1-9H8.9V6c0-1.71 1.39-3.1 3.1-3.1 1.71 0 3.1 1.39 3.1 3.1v2z"
            />
          </svg>
        </div>
        <div
          className="makeStyles-timelineBar-6"
          style={
            Object {
              "backgroundColor": "#49A6E9",
            }
          }
        />
      </div>
      <div
        className="makeStyles-descriptionSection-7"
      >
        <p
          className="makeStyles-dateText-8"
        >
          Jan 25, 2020
        </p>
        <div
          className="makeStyles-textPart-9"
        >
          <p
            className="makeStyles-title-10"
          >
            Completed profile data
          </p>
          <p
            className="makeStyles-content-11"
          >
            Lorem ipsum dolor sit amet, consectetur adipiscing elit, sed do eiusmod tempor incididunt ut labore et dolore magna aliqua.
          </p>
        </div>
      </div>
    </div>
    <div
      className="makeStyles-scheduleItemContainer-3"
    >
      <div
        className="makeStyles-barSection-4"
      >
        <div
          className="makeStyles-iconCircle-5"
          style={
            Object {
              "backgroundColor": "#49A6E9",
            }
          }
        >
          <svg
            aria-hidden={true}
            className="MuiSvgIcon-root"
            focusable="false"
            style={
              Object {
                "color": "white",
                "fontSize": 17,
              }
            }
            viewBox="0 0 24 24"
          >
            <path
              d="M7.58 4.08L6.15 2.65C3.75 4.48 2.17 7.3 2.03 10.5h2c.15-2.65 1.51-4.97 3.55-6.42zm12.39 6.42h2c-.15-3.2-1.73-6.02-4.12-7.85l-1.42 1.43c2.02 1.45 3.39 3.77 3.54 6.42zM18 11c0-3.07-1.64-5.64-4.5-6.32V4c0-.83-.67-1.5-1.5-1.5s-1.5.67-1.5 1.5v.68C7.63 5.36 6 7.92 6 11v5l-2 2v1h16v-1l-2-2v-5zm-6 11c.14 0 .27-.01.4-.04.65-.14 1.18-.58 1.44-1.18.1-.24.15-.5.15-.78h-4c.01 1.1.9 2 2.01 2z"
            />
          </svg>
        </div>
        <div
          className="makeStyles-timelineBar-6"
          style={
            Object {
              "backgroundColor": "#49A6E9",
            }
          }
        />
      </div>
      <div
        className="makeStyles-descriptionSection-7"
      >
        <p
          className="makeStyles-dateText-8"
        >
          Jan 25, 2020
        </p>
        <div
          className="makeStyles-textPart-9"
        >
          <p
            className="makeStyles-title-10"
          >
            Completed profile data
          </p>
          <p
            className="makeStyles-content-11"
          >
            Lorem ipsum dolor sit amet, consectetur adipiscing elit, sed do eiusmod tempor incididunt ut labore et dolore magna aliqua.
          </p>
        </div>
      </div>
    </div>
  </div>
</div>
`;
