// Jest Snapshot v1, https://goo.gl/fbAQLP

exports[`Should be rendered in the dom 1`] = `
<div
  className="makeStyles-screen-1"
>
  <div
    className="makeStyles-container-3"
  >
    <div
      className="makeStyles-leftItemsSection-4"
    >
      <div>
        <svg
          aria-hidden={true}
          className="MuiSvgIcon-root"
          focusable="false"
          style={
            Object {
              "color": "#9EA9B1",
              "fontSize": 30,
            }
          }
          viewBox="0 0 24 24"
        >
          <path
            d="M3 21h18v-2H3v2zm0-4h18v-2H3v2zm0-4h18v-2H3v2zm0-4h18V7H3v2zm0-6v2h18V3H3z"
          />
        </svg>
      </div>
      <img
        alt="Logo"
        className="makeStyles-logoImg-5"
        src=""
      />
    </div>
    <div
      onClick={[Function]}
    >
      <p
        className="makeStyles-toolbarTitleText-6"
      >
        Project Name &gt; Object Name
      </p>
    </div>
    <div>
      <div
        className="makeStyles-rightItemsSection-7"
      >
        <div
          className="makeStyles-rightItemElement-12"
        >
          <svg
            aria-hidden={true}
            className="MuiSvgIcon-root"
            focusable="false"
            style={
              Object {
                "color": "#9EA9B1",
                "fontSize": 30,
              }
            }
            viewBox="0 0 24 24"
          >
            <path
              d="M15.5 14h-.79l-.28-.27C15.41 12.59 16 11.11 16 9.5 16 5.91 13.09 3 9.5 3S3 5.91 3 9.5 5.91 16 9.5 16c1.61 0 3.09-.59 4.23-1.57l.27.28v.79l5 4.99L20.49 19l-4.99-5zm-6 0C7.01 14 5 11.99 5 9.5S7.01 5 9.5 5 14 7.01 14 9.5 11.99 14 9.5 14z"
            />
          </svg>
        </div>
        <div
          className="makeStyles-rightItemElement-12"
        >
          <svg
            aria-hidden={true}
            className="MuiSvgIcon-root"
            focusable="false"
            style={
              Object {
                "color": "#9EA9B1",
                "fontSize": 35,
              }
            }
            viewBox="0 0 24 24"
          >
            <path
              d="M15 12c2.21 0 4-1.79 4-4s-1.79-4-4-4-4 1.79-4 4 1.79 4 4 4zm0-6c1.1 0 2 .9 2 2s-.9 2-2 2-2-.9-2-2 .9-2 2-2zm0 8c-2.67 0-8 1.34-8 4v2h16v-2c0-2.66-5.33-4-8-4zm-6 4c.22-.72 3.31-2 6-2 2.7 0 5.8 1.29 6 2H9zm-3-3v-3h3v-2H6V7H4v3H1v2h3v3z"
            />
          </svg>
        </div>
        <div
          className="makeStyles-publishBtn-8"
        >
          <p
            className="makeStyles-publishBtnText-9"
          >
            PUBLISH
          </p>
        </div>
        <div
          className="makeStyles-userAvatarPart-10"
        >
          <img
            alt="User"
            className="makeStyles-userAvatarImg-11"
            src=""
          />
          <svg
            aria-hidden={true}
            className="MuiSvgIcon-root"
            focusable="false"
            style={
              Object {
                "color": "#9EA9B1",
                "fontSize": 25,
              }
            }
            viewBox="0 0 24 24"
          >
            <path
              d="M16.59 8.59L12 13.17 7.41 8.59 6 10l6 6 6-6-1.41-1.41z"
            />
          </svg>
        </div>
      </div>
    </div>
  </div>
</div>
`;
